###############################################################################
#                                                                             #
# IAR ELF Linker V6.60.1.5097/W32 for ARM               04/Oct/2014  22:37:21 #
# Copyright 2007-2013 IAR Systems AB.                                         #
#                                                                             #
#    Output file  =  C:\Users\Usuário\Documents\ecomp\TCC\Embarcado\TivaWare_ #
#                    C_Series-2.1.0.12573\examples\boards\ek-tm4c1294xl\blink #
#                    y\ewarm\Exe\blinky.out                                   #
#    Map file     =  C:\Users\Usuário\Documents\ecomp\TCC\Embarcado\TivaWare_ #
#                    C_Series-2.1.0.12573\examples\boards\ek-tm4c1294xl\blink #
#                    y\ewarm\List\blinky.map                                  #
#    Command line =  C:\Users\Usuário\Documents\ecomp\TCC\Embarcado\TivaWare_ #
#                    C_Series-2.1.0.12573\examples\boards\ek-tm4c1294xl\blink #
#                    y\ewarm\Obj\blinky.o C:\Users\Usuário\Documents\ecomp\TC #
#                    C\Embarcado\TivaWare_C_Series-2.1.0.12573\examples\board #
#                    s\ek-tm4c1294xl\blinky\ewarm\Obj\startup_ewarm.o         #
#                    --redirect _Printf=_PrintfTiny --redirect                #
#                    _Scanf=_ScanfSmall -o C:\Users\Usuário\Documents\ecomp\T #
#                    CC\Embarcado\TivaWare_C_Series-2.1.0.12573\examples\boar #
#                    ds\ek-tm4c1294xl\blinky\ewarm\Exe\blinky.out --map       #
#                    C:\Users\Usuário\Documents\ecomp\TCC\Embarcado\TivaWare_ #
#                    C_Series-2.1.0.12573\examples\boards\ek-tm4c1294xl\blink #
#                    y\ewarm\List\blinky.map --config                         #
#                    C:\Users\Usuário\Documents\ecomp\TCC\Embarcado\TivaWare_ #
#                    C_Series-2.1.0.12573\examples\boards\ek-tm4c1294xl\blink #
#                    y\blinky.icf --semihosting --entry __iar_program_start   #
#                    --vfe                                                    #
#                                                                             #
#                                                                             #
###############################################################################

*******************************************************************************
*** RUNTIME MODEL ATTRIBUTES
***

CppFlavor       = *
__SystemLibrary = DLib


*******************************************************************************
*** PLACEMENT SUMMARY
***

"A1":  place at start of [0x00000000-0x000fffff] { ro section .intvec };
"P1":  place in [from 0x00000000 to 0x000fffff] { ro };
"P2":  place in [from 0x20000000 to 0x2003ffff] { rw, block HEAP };

  Section  Kind        Address   Size  Object
  -------  ----        -------   ----  ------
"A1":                           0x200
  .intvec  const    0x00000000  0x200  startup_ewarm.o [1]
                  - 0x00000200  0x200

"P1":                            0xe8
  .text    ro code  0x00000200   0x60  blinky.o [1]
  .text    ro code  0x00000260   0x1a  startup_ewarm.o [1]
  .text    ro code  0x0000027a    0xc  cstartup_M.o [5]
  .text    ro code  0x00000288   0x1a  fpinit_M.o [4]
  .text    ro code  0x000002a4   0x1a  cmain.o [5]
  .text    ro code  0x000002be    0x4  low_level_init.o [3]
  .text    ro code  0x000002c2    0x4  exit.o [3]
  .text    ro code  0x000002c8    0xa  cexit.o [5]
  .text    ro code  0x000002d4   0x14  exit.o [6]
                  - 0x000002e8   0xe8

"P2":                           0x100
  .noinit  uninit   0x20000000  0x100  startup_ewarm.o [1]
                  - 0x20000100  0x100



*******************************************************************************
*** MODULE SUMMARY
***

    Module            ro code  ro data  rw data
    ------            -------  -------  -------
C:\Users\Usuário\Documents\ecomp\TCC\Embarcado\TivaWare_C_Series-2.1.0.12573\examples\boards\ek-tm4c1294xl\blinky\ewarm\Obj: [1]
    blinky.o               96
    startup_ewarm.o        26      512      256
    -------------------------------------------
    Total:                122      512      256

command line: [2]
    -------------------------------------------
    Total:

dl7M_tln.a: [3]
    exit.o                  4
    low_level_init.o        4
    -------------------------------------------
    Total:                  8

m7M_tlv.a: [4]
    fpinit_M.o             26
    -------------------------------------------
    Total:                 26

rt7M_tl.a: [5]
    cexit.o                10
    cmain.o                26
    cstartup_M.o           12
    -------------------------------------------
    Total:                 48

shb_l.a: [6]
    exit.o                 20
    -------------------------------------------
    Total:                 20

    Gaps                    8
-----------------------------------------------
    Grand Total:          232      512      256


*******************************************************************************
*** ENTRY LIST
***

Entry                    Address   Size  Type      Object
-----                    -------   ----  ----      ------
?main                 0x000002a5         Code  Gb  cmain.o [5]
FaultISR              0x00000277    0x2  Code  Lc  startup_ewarm.o [1]
IntDefaultHandler     0x00000279    0x2  Code  Lc  startup_ewarm.o [1]
NmiSR                 0x00000275    0x2  Code  Lc  startup_ewarm.o [1]
Region$$Table$$Base   0x00000000          --   Gb  - Linker created -
Region$$Table$$Limit  0x00000000          --   Gb  - Linker created -
ResetISR              0x00000261    0xe  Code  Gb  startup_ewarm.o [1]
__cmain               0x000002a5         Code  Gb  cmain.o [5]
__exit                0x000002d5   0x14  Code  Gb  exit.o [6]
__iar_init_vfp        0x00000289         Code  Gb  fpinit_M.o [4]
__iar_program_start   0x0000027b         Code  Gb  cstartup_M.o [5]
__low_level_init      0x000002bf    0x4  Code  Gb  low_level_init.o [3]
__vector_table        0x00000000  0x200  Data  Gb  startup_ewarm.o [1]
_call_main            0x000002b1         Code  Gb  cmain.o [5]
_exit                 0x000002c9         Code  Gb  cexit.o [5]
_main                 0x000002bb         Code  Gb  cmain.o [5]
exit                  0x000002c3    0x4  Code  Gb  exit.o [3]
main                  0x00000201   0x60  Code  Gb  blinky.o [1]
pui32Stack            0x20000000  0x100  Data  Lc  startup_ewarm.o [1]


[1] = C:\Users\Usuário\Documents\ecomp\TCC\Embarcado\TivaWare_C_Series-2.1.0.12573\examples\boards\ek-tm4c1294xl\blinky\ewarm\Obj
[2] = command line
[3] = dl7M_tln.a
[4] = m7M_tlv.a
[5] = rt7M_tl.a
[6] = shb_l.a

  232 bytes of readonly  code memory
  512 bytes of readonly  data memory
  256 bytes of readwrite data memory

Errors: none
Warnings: none
